// Jest Snapshot v1, https://goo.gl/fbAQLP

exports[`App renders the loading screen 1`] = `
<RCTScrollView
  collapsable={false}
  contentContainerStyle={
    Object {
      "paddingTop": 30,
    }
  }
  onGestureHandlerEvent={[Function]}
  onGestureHandlerStateChange={[Function]}
  style={
    Object {
      "flex": 1,
      "paddingTop": 12,
    }
  }
>
  <View>
    <View
      style={
        Object {
          "alignItems": "center",
          "backgroundColor": "#fefefe",
          "borderRadius": 5,
          "flexDirection": "row",
          "height": 50,
          "marginHorizontal": 30,
          "marginTop": 10,
        }
      }
    >
      <TextInput
        allowFontScaling={true}
        autoCapitalize="none"
        autoCorrect={false}
        onChangeText={[Function]}
        onEndEditing={[Function]}
        placeholder="Search Food"
        rejectResponderTermination={true}
        style={
          Object {
            "borderColor": "#fefefe",
            "borderWidth": 1,
            "flex": 1,
            "fontSize": 18,
            "marginHorizontal": 15,
          }
        }
        underlineColorAndroid="transparent"
        value=""
      />
    </View>
    <View>
      <Text />
      <RCTScrollView
        data={Array []}
        disableVirtualization={false}
        getItem={[Function]}
        getItemCount={[Function]}
        horizontal={false}
        initialNumToRender={10}
        keyExtractor={[Function]}
        maxToRenderPerBatch={10}
        numColumns={1}
        onContentSizeChange={[Function]}
        onEndReachedThreshold={2}
        onLayout={[Function]}
        onMomentumScrollEnd={[Function]}
        onScroll={[Function]}
        onScrollBeginDrag={[Function]}
        onScrollEndDrag={[Function]}
        removeClippedSubviews={false}
        renderItem={[Function]}
        scrollEventThrottle={50}
        stickyHeaderIndices={Array []}
        updateCellsBatchingPeriod={50}
        viewabilityConfigCallbackPairs={Array []}
        windowSize={21}
      >
        <View />
      </RCTScrollView>
    </View>
  </View>
</RCTScrollView>
`;
